../Core/Src/main.c:97:5:main	104	static
../Core/Src/main.c:200:6:SystemClock_Config	72	static
../Core/Src/main.c:239:13:MX_USART2_UART_Init	8	static
../Core/Src/main.c:272:13:MX_GPIO_Init	40	static
../Core/Src/main.c:311:6:CLI_Transmit	16	static
../Core/Src/main.c:315:6:welcomeMessage	8	static
../Core/Src/main.c:328:5:CLI_Receive	24	static
../Core/Src/main.c:364:6:StartLEDTask	24	static
../Core/Src/main.c:388:6:StartCLIReceiveTask	176	static
../Core/Src/main.c:449:6:StartCLIUpdateTask	72	static
../Core/Src/main.c:481:6:HAL_TIM_PeriodElapsedCallback	16	static
../Core/Src/main.c:498:6:Error_Handler	4	static,ignoring_inline_asm
