17:01:56 **** Incremental Build of configuration Debug for project lab2rtest ****
make -j16 all 
arm-none-eabi-gcc "../Core/Src/cli.c" -mcpu=cortex-m3 -std=gnu11 -g3 -DDEBUG -DUSE_HAL_DRIVER -DSTM32F103xB -c -I../Core/Inc -I../Drivers/STM32F1xx_HAL_Driver/Inc -I../Drivers/STM32F1xx_HAL_Driver/Inc/Legacy -I../Drivers/CMSIS/Device/ST/STM32F1xx/Include -I../Drivers/CMSIS/Include -O0 -ffunction-sections -fdata-sections -Wall -fstack-usage -fcyclomatic-complexity -MMD -MP -MF"Core/Src/cli.d" -MT"Core/Src/cli.o" --specs=nano.specs -mfloat-abi=soft -mthumb -o "Core/Src/cli.o"
arm-none-eabi-gcc -o "lab2rtest.elf" @"objects.list"   -mcpu=cortex-m3 -T"C:\Users\mtzam\OneDrive\Desktop\Work\AMB\ENSE452-MuhammadZaman\Labs\lab2rtest\STM32F103RBTX_FLASH.ld" --specs=nosys.specs -Wl,-Map="lab2rtest.map" -Wl,--gc-sections -static --specs=nano.specs -mfloat-abi=soft -mthumb -Wl,--start-group -lc -lm -Wl,--end-group
Finished building target: lab2rtest.elf
 
arm-none-eabi-size  lab2rtest.elf 
arm-none-eabi-objdump -h -S lab2rtest.elf  > "lab2rtest.list"
   text	   data	    bss	    dec	    hex	filename
   7496	     12	   1644	   9152	   23c0	lab2rtest.elf
Finished building: default.size.stdout
 
Finished building: lab2rtest.list
 

17:01:56 Build Finished. 0 errors, 0 warnings. (took 777ms)

