../Core/Src/main.c:89:5:main	104	static
../Core/Src/main.c:179:6:SystemClock_Config	72	static
../Core/Src/main.c:218:13:MX_USART2_UART_Init	8	static
../Core/Src/main.c:251:13:MX_GPIO_Init	40	static
../Core/Src/main.c:290:6:CLI_Transmit	16	static
../Core/Src/main.c:298:5:CLI_Receive	24	static
../Core/Src/main.c:325:6:HAL_GPIO_EXTI_Callback	24	static
../Core/Src/main.c:358:6:FloorSelectionTaskHandle	176	static
../Core/Src/main.c:443:6:ElevatorMovementTaskHandle	72	static
../Core/Src/main.c:494:6:DisplayUpdateTaskHandle	72	static
../Core/Src/main.c:528:6:HAL_TIM_PeriodElapsedCallback	16	static
../Core/Src/main.c:545:6:Error_Handler	4	static,ignoring_inline_asm
