../Core/Src/main.c:95:5:main	112	static
../Core/Src/main.c:206:6:SystemClock_Config	72	static
../Core/Src/main.c:245:13:MX_USART2_UART_Init	8	static
../Core/Src/main.c:278:13:MX_GPIO_Init	40	static
../Core/Src/main.c:317:6:CLI_Transmit	16	static
../Core/Src/main.c:326:5:CLI_Receive	24	static
../Core/Src/main.c:347:6:HAL_GPIO_EXTI_Callback	24	static
../Core/Src/main.c:367:6:FloorSelectionTaskHandle	128	static
../Core/Src/main.c:445:6:ElevatorMovementTaskHandle	72	static
../Core/Src/main.c:485:6:DisplayUpdateTaskHandle	72	static
../Core/Src/main.c:518:6:HAL_TIM_PeriodElapsedCallback	16	static
../Core/Src/main.c:535:6:Error_Handler	4	static,ignoring_inline_asm
